C51 COMPILER V9.55   PUTCHAR                                                               10/06/2021 14:37:15 PAGE 1   


C51 COMPILER V9.55, COMPILATION OF MODULE PUTCHAR
OBJECT MODULE PLACED IN .\Output\putchar.obj
COMPILER INVOKED BY: C:\Keil_v5\C51\BIN\C51.EXE ..\..\..\..\Library\StdDriver\src\putchar.c LARGE OMF2 OPTIMIZE(7,SPEED)
                    - BROWSE INCDIR(..\..\..\..\Library\Device\Include;..\..\..\..\Library\StdDriver\inc) DEBUG PRINT(.\LST\putchar.lst) TABS
                    -(2) OBJECT(.\Output\putchar.obj)

line level    source

   1          /*--------------------------------------------------------------------------------------------------------
             --*/
   2          /*                                                                                                        
             - */
   3          /* Copyright(c) 2020 Nuvoton Technology Corp. All rights reserved.                                        
             - */
   4          /*                                                                                                        
             - */
   5          /*--------------------------------------------------------------------------------------------------------
             --*/
   6          
   7          //********************************************************************************************************
             -***
   8          //  Nuvoton Technoledge Corp. 
   9          //  Website: http://www.nuvoton.com
  10          //  E-Mail : MicroC-8bit@nuvoton.com
  11          //  Date   : Apr/29/2020
  12          //********************************************************************************************************
             -***
  13          
  14          #include "ML51.h"
  15          
  16          /**
  17           * @brief       For printf function define  
  18           *
  19           * @param       none 
  20           *
  21           * @return      none
  22           *
  23           * @details     UART0 as printf use "#if 1", UART1 as printf output use "#if 0"
  24           */
  25           
  26           /**
  27          * if use UART0 as printf source, enable following part
  28          */
  29          
  30          #if 1
  31          char putchar (char c)
  32          {
  33   1          while (!TI);  /* wait until transmitter ready */
  34   1          TI = 0;
  35   1          SBUF = c;      /* output character */
  36   1          return (c);
  37   1      }
  38          #endif
  39          
  40          /**
  41          * if use UART1 as printf source, enable following part
  42          */
  43          #if 0
              char putchar (char c)
              {
                  while (!TI_1);  /* wait until transmitter ready */
C51 COMPILER V9.55   PUTCHAR                                                               10/06/2021 14:37:15 PAGE 2   

                  TI_1 = 0;
                  SBUF1 = c;      /* output character */
                  return (c);
              }
              #endif


MODULE INFORMATION:   STATIC OVERLAYABLE
   CODE SIZE        =      8    ----
   CONSTANT SIZE    =   ----    ----
   XDATA SIZE       =   ----    ----
   PDATA SIZE       =   ----    ----
   DATA SIZE        =   ----    ----
   IDATA SIZE       =   ----    ----
   BIT SIZE         =   ----    ----
   EDATA SIZE       =   ----    ----
   HDATA SIZE       =   ----    ----
   XDATA CONST SIZE =   ----    ----
   FAR CONST SIZE   =   ----    ----
END OF MODULE INFORMATION.


C51 COMPILATION COMPLETE.  0 WARNING(S),  0 ERROR(S)
